Archive member included because of file (symbol)

c:/users/komputer/documents/mkclipse/avr toolchain/bin/../lib/gcc/avr/5.4.0/avr5\libgcc.a(_udivmodqi4.o)
                              ./main.o (__udivmodqi4)
c:/users/komputer/documents/mkclipse/avr toolchain/bin/../lib/gcc/avr/5.4.0/avr5\libgcc.a(_exit.o)
                              c:/users/komputer/documents/mkclipse/avr toolchain/bin/../lib/gcc/avr/5.4.0/../../../../avr/lib/avr5/crtatmega32.o (exit)
c:/users/komputer/documents/mkclipse/avr toolchain/bin/../lib/gcc/avr/5.4.0/avr5\libgcc.a(_copy_data.o)
                              ./1Wire/ds18x20.o (__do_copy_data)
c:/users/komputer/documents/mkclipse/avr toolchain/bin/../lib/gcc/avr/5.4.0/avr5\libgcc.a(_clear_bss.o)
                              ./MKUART/mkuart.o (__do_clear_bss)
c:/users/komputer/documents/mkclipse/avr toolchain/bin/../lib/gcc/avr/5.4.0/../../../../avr/lib/avr5\libc.a(itoa.o)
                              ./MKUART/mkuart.o (__itoa)
c:/users/komputer/documents/mkclipse/avr toolchain/bin/../lib/gcc/avr/5.4.0/../../../../avr/lib/avr5\libc.a(itoa_ncheck.o)
                              ./LCD/lcd44780.o (__itoa_ncheck)
c:/users/komputer/documents/mkclipse/avr toolchain/bin/../lib/gcc/avr/5.4.0/../../../../avr/lib/avr5\libc.a(ltoa_ncheck.o)
                              ./LCD/lcd44780.o (__ltoa_ncheck)
c:/users/komputer/documents/mkclipse/avr toolchain/bin/../lib/gcc/avr/5.4.0/../../../../avr/lib/avr5\libc.a(ultoa_ncheck.o)
                              c:/users/komputer/documents/mkclipse/avr toolchain/bin/../lib/gcc/avr/5.4.0/../../../../avr/lib/avr5\libc.a(ltoa_ncheck.o) (__ultoa_common)
c:/users/komputer/documents/mkclipse/avr toolchain/bin/../lib/gcc/avr/5.4.0/../../../../avr/lib/avr5\libc.a(utoa_ncheck.o)
                              c:/users/komputer/documents/mkclipse/avr toolchain/bin/../lib/gcc/avr/5.4.0/../../../../avr/lib/avr5\libc.a(itoa_ncheck.o) (__utoa_common)
c:/users/komputer/documents/mkclipse/avr toolchain/bin/../lib/gcc/avr/5.4.0/../../../../avr/lib/avr5\libc.a(eerd_byte_atmega32.o)
                              ./LCD/lcd44780.o (__eerd_byte_m32)
c:/users/komputer/documents/mkclipse/avr toolchain/bin/../lib/gcc/avr/5.4.0/../../../../avr/lib/avr5\libc.a(strrev.o)
                              c:/users/komputer/documents/mkclipse/avr toolchain/bin/../lib/gcc/avr/5.4.0/../../../../avr/lib/avr5\libc.a(ultoa_ncheck.o) (strrev)

Allocating common symbols
Common symbol       size              file

cy4                 0x1               ./d_led.o
toggle_bit          0x1               ./IR_DECODE/ir_decode.o
Timer3              0x2               ./main.o
godziny             0x1               ./main.o
address             0x1               ./IR_DECODE/ir_decode.o
UART_TxHead         0x1               ./MKUART/mkuart.o
sekundy             0x1               ./main.o
lcd_cnt             0x1               ./main.o
Timer4              0x2               ./main.o
command             0x1               ./IR_DECODE/ir_decode.o
rc5cnt              0x1               ./IR_DECODE/ir_decode.o
Ir_key_press_flag   0x1               ./IR_DECODE/ir_decode.o
UART_TxTail         0x1               ./MKUART/mkuart.o
cel_fract_bits      0x1               ./main.o
cy1                 0x1               ./d_led.o
subzero             0x1               ./main.o
bufor               0x4               ./main.o
cel                 0x1               ./main.o
Timer2              0x2               ./main.o
lcd_blink           0x1               ./main.o
czujniki_cnt        0x1               ./main.o
cy2                 0x1               ./d_led.o
UART_TxBuf          0x10              ./MKUART/mkuart.o
gSensorIDs          0x20              ./1Wire/ds18x20.o
UART_RxHead         0x1               ./MKUART/mkuart.o
UART_RxTail         0x1               ./MKUART/mkuart.o
Timer1              0x2               ./main.o
cy3                 0x1               ./d_led.o
minuty              0x1               ./main.o
UART_RxBuf          0x20              ./MKUART/mkuart.o

Memory Configuration

Name             Origin             Length             Attributes
text             0x00000000         0x00020000         xr
data             0x00800060         0x0000ffa0         rw !x
eeprom           0x00810000         0x00010000         rw !x
fuse             0x00820000         0x00000400         rw !x
lock             0x00830000         0x00000400         rw !x
signature        0x00840000         0x00000400         rw !x
user_signatures  0x00850000         0x00000400         rw !x
*default*        0x00000000         0xffffffff

Linker script and memory map

LOAD c:/users/komputer/documents/mkclipse/avr toolchain/bin/../lib/gcc/avr/5.4.0/../../../../avr/lib/avr5/crtatmega32.o
LOAD ./MKUART/mkuart.o
LOAD ./LCD/lcd44780.o
LOAD ./IR_DECODE/ir_decode.o
LOAD ./I2C_TWI/i2c_twi.o
LOAD ./1Wire/crc8.o
LOAD ./1Wire/ds18x20.o
LOAD ./1Wire/onewire.o
LOAD ./d_led.o
LOAD ./main.o
START GROUP
LOAD c:/users/komputer/documents/mkclipse/avr toolchain/bin/../lib/gcc/avr/5.4.0/avr5\libgcc.a
LOAD c:/users/komputer/documents/mkclipse/avr toolchain/bin/../lib/gcc/avr/5.4.0/../../../../avr/lib/avr5\libm.a
LOAD c:/users/komputer/documents/mkclipse/avr toolchain/bin/../lib/gcc/avr/5.4.0/../../../../avr/lib/avr5\libc.a
LOAD c:/users/komputer/documents/mkclipse/avr toolchain/bin/../lib/gcc/avr/5.4.0/../../../../avr/lib/avr5\libatmega32.a
END GROUP

.hash
 *(.hash)

.dynsym
 *(.dynsym)

.dynstr
 *(.dynstr)

.gnu.version
 *(.gnu.version)

.gnu.version_d
 *(.gnu.version_d)

.gnu.version_r
 *(.gnu.version_r)

.rel.init
 *(.rel.init)

.rela.init
 *(.rela.init)

.rel.text
 *(.rel.text)
 *(.rel.text.*)
 *(.rel.gnu.linkonce.t*)

.rela.text
 *(.rela.text)
 *(.rela.text.*)
 *(.rela.gnu.linkonce.t*)

.rel.fini
 *(.rel.fini)

.rela.fini
 *(.rela.fini)

.rel.rodata
 *(.rel.rodata)
 *(.rel.rodata.*)
 *(.rel.gnu.linkonce.r*)

.rela.rodata
 *(.rela.rodata)
 *(.rela.rodata.*)
 *(.rela.gnu.linkonce.r*)

.rel.data
 *(.rel.data)
 *(.rel.data.*)
 *(.rel.gnu.linkonce.d*)

.rela.data
 *(.rela.data)
 *(.rela.data.*)
 *(.rela.gnu.linkonce.d*)

.rel.ctors
 *(.rel.ctors)

.rela.ctors
 *(.rela.ctors)

.rel.dtors
 *(.rel.dtors)

.rela.dtors
 *(.rela.dtors)

.rel.got
 *(.rel.got)

.rela.got
 *(.rela.got)

.rel.bss
 *(.rel.bss)

.rela.bss
 *(.rela.bss)

.rel.plt
 *(.rel.plt)

.rela.plt
 *(.rela.plt)

.text           0x00000000     0x1392
 *(.vectors)
 .vectors       0x00000000       0x54 c:/users/komputer/documents/mkclipse/avr toolchain/bin/../lib/gcc/avr/5.4.0/../../../../avr/lib/avr5/crtatmega32.o
                0x00000000                __vector_default
                0x00000000                __vectors
 *(.vectors)
 *(.progmem.gcc*)
                0x00000054                . = ALIGN (0x2)
                0x00000054                __trampolines_start = .
 *(.trampolines)
 .trampolines   0x00000054        0x0 linker stubs
 *(.trampolines*)
                0x00000054                __trampolines_end = .
 *(.progmem*)
 .progmem.data.cyfry
                0x00000054        0xf ./d_led.o
                0x00000054                cyfry
 .progmem.data.__c.2257
                0x00000063        0x3 ./main.o
 .progmem.data.__c.2255
                0x00000066        0x5 ./main.o
 .progmem.data.__c.2211
                0x0000006b        0x3 ./main.o
 .progmem.data.__c.2209
                0x0000006e        0x6 ./main.o
                0x00000074                . = ALIGN (0x2)
 *(.jumptables)
 *(.jumptables*)
 *(.lowtext)
 *(.lowtext*)
                0x00000074                __ctors_start = .
 *(.ctors)
                0x00000074                __ctors_end = .
                0x00000074                __dtors_start = .
 *(.dtors)
                0x00000074                __dtors_end = .
 SORT(*)(.ctors)
 SORT(*)(.dtors)
 *(.init0)
 .init0         0x00000074        0x0 c:/users/komputer/documents/mkclipse/avr toolchain/bin/../lib/gcc/avr/5.4.0/../../../../avr/lib/avr5/crtatmega32.o
                0x00000074                __init
 *(.init0)
 *(.init1)
 *(.init1)
 *(.init2)
 .init2         0x00000074        0xc c:/users/komputer/documents/mkclipse/avr toolchain/bin/../lib/gcc/avr/5.4.0/../../../../avr/lib/avr5/crtatmega32.o
 *(.init2)
 *(.init3)
 *(.init3)
 *(.init4)
 .init4         0x00000080       0x16 c:/users/komputer/documents/mkclipse/avr toolchain/bin/../lib/gcc/avr/5.4.0/avr5\libgcc.a(_copy_data.o)
                0x00000080                __do_copy_data
 .init4         0x00000096       0x10 c:/users/komputer/documents/mkclipse/avr toolchain/bin/../lib/gcc/avr/5.4.0/avr5\libgcc.a(_clear_bss.o)
                0x00000096                __do_clear_bss
 *(.init4)
 *(.init5)
 *(.init5)
 *(.init6)
 *(.init6)
 *(.init7)
 *(.init7)
 *(.init8)
 *(.init8)
 *(.init9)
 .init9         0x000000a6        0x8 c:/users/komputer/documents/mkclipse/avr toolchain/bin/../lib/gcc/avr/5.4.0/../../../../avr/lib/avr5/crtatmega32.o
 *(.init9)
 *(.text)
 .text          0x000000ae        0x4 c:/users/komputer/documents/mkclipse/avr toolchain/bin/../lib/gcc/avr/5.4.0/../../../../avr/lib/avr5/crtatmega32.o
                0x000000ae                __vector_12
                0x000000ae                __bad_interrupt
                0x000000ae                __vector_3
                0x000000ae                __vector_11
                0x000000ae                __vector_17
                0x000000ae                __vector_19
                0x000000ae                __vector_7
                0x000000ae                __vector_5
                0x000000ae                __vector_9
                0x000000ae                __vector_2
                0x000000ae                __vector_15
                0x000000ae                __vector_8
                0x000000ae                __vector_16
                0x000000ae                __vector_18
                0x000000ae                __vector_20
 .text          0x000000b2        0x0 ./MKUART/mkuart.o
 .text          0x000000b2        0x0 ./LCD/lcd44780.o
 .text          0x000000b2        0x0 ./IR_DECODE/ir_decode.o
 .text          0x000000b2        0x0 ./I2C_TWI/i2c_twi.o
 .text          0x000000b2        0x0 ./1Wire/crc8.o
 .text          0x000000b2        0x0 ./1Wire/ds18x20.o
 .text          0x000000b2        0x0 ./1Wire/onewire.o
 .text          0x000000b2        0x0 ./d_led.o
 .text          0x000000b2        0x0 ./main.o
 .text          0x000000b2        0x0 c:/users/komputer/documents/mkclipse/avr toolchain/bin/../lib/gcc/avr/5.4.0/avr5\libgcc.a(_udivmodqi4.o)
 .text          0x000000b2        0x0 c:/users/komputer/documents/mkclipse/avr toolchain/bin/../lib/gcc/avr/5.4.0/avr5\libgcc.a(_exit.o)
 .text          0x000000b2        0x0 c:/users/komputer/documents/mkclipse/avr toolchain/bin/../lib/gcc/avr/5.4.0/avr5\libgcc.a(_copy_data.o)
 .text          0x000000b2        0x0 c:/users/komputer/documents/mkclipse/avr toolchain/bin/../lib/gcc/avr/5.4.0/avr5\libgcc.a(_clear_bss.o)
 .text          0x000000b2        0x0 c:/users/komputer/documents/mkclipse/avr toolchain/bin/../lib/gcc/avr/5.4.0/../../../../avr/lib/avr5\libc.a(itoa.o)
 .text          0x000000b2        0x0 c:/users/komputer/documents/mkclipse/avr toolchain/bin/../lib/gcc/avr/5.4.0/../../../../avr/lib/avr5\libc.a(itoa_ncheck.o)
 .text          0x000000b2        0x0 c:/users/komputer/documents/mkclipse/avr toolchain/bin/../lib/gcc/avr/5.4.0/../../../../avr/lib/avr5\libc.a(ltoa_ncheck.o)
 .text          0x000000b2        0x0 c:/users/komputer/documents/mkclipse/avr toolchain/bin/../lib/gcc/avr/5.4.0/../../../../avr/lib/avr5\libc.a(ultoa_ncheck.o)
 .text          0x000000b2        0x0 c:/users/komputer/documents/mkclipse/avr toolchain/bin/../lib/gcc/avr/5.4.0/../../../../avr/lib/avr5\libc.a(utoa_ncheck.o)
 .text          0x000000b2        0x0 c:/users/komputer/documents/mkclipse/avr toolchain/bin/../lib/gcc/avr/5.4.0/../../../../avr/lib/avr5\libc.a(eerd_byte_atmega32.o)
 .text          0x000000b2        0x0 c:/users/komputer/documents/mkclipse/avr toolchain/bin/../lib/gcc/avr/5.4.0/../../../../avr/lib/avr5\libc.a(strrev.o)
                0x000000b2                . = ALIGN (0x2)
 *(.text.*)
 .text.USART_Init
                0x000000b2       0x14 ./MKUART/mkuart.o
                0x000000b2                USART_Init
 .text.uart_putc
                0x000000c6       0x22 ./MKUART/mkuart.o
                0x000000c6                uart_putc
 .text.uart_puts
                0x000000e8       0x18 ./MKUART/mkuart.o
                0x000000e8                uart_puts
 .text.uart_putint
                0x00000100       0x3a ./MKUART/mkuart.o
                0x00000100                uart_putint
 .text.__vector_14
                0x0000013a       0x4e ./MKUART/mkuart.o
                0x0000013a                __vector_14
 .text.uart_getc
                0x00000188       0x2a ./MKUART/mkuart.o
                0x00000188                uart_getc
 .text.__vector_13
                0x000001b2       0x42 ./MKUART/mkuart.o
                0x000001b2                __vector_13
 .text.data_dir_out
                0x000001f4        0xa ./LCD/lcd44780.o
 .text.lcd_readHalf
                0x000001fe       0x16 ./LCD/lcd44780.o
 .text.lcd_sendHalf
                0x00000214       0x2a ./LCD/lcd44780.o
 .text._lcd_read_byte
                0x0000023e       0x28 ./LCD/lcd44780.o
                0x0000023e                _lcd_read_byte
 .text.check_BF
                0x00000266        0x6 ./LCD/lcd44780.o
                0x00000266                check_BF
 .text._lcd_write_byte
                0x0000026c       0x2e ./LCD/lcd44780.o
                0x0000026c                _lcd_write_byte
 .text.lcd_write_cmd
                0x0000029a        0x6 ./LCD/lcd44780.o
                0x0000029a                lcd_write_cmd
 .text.lcd_write_data
                0x000002a0        0x6 ./LCD/lcd44780.o
                0x000002a0                lcd_write_data
 .text.lcd_char
                0x000002a6        0xe ./LCD/lcd44780.o
                0x000002a6                lcd_char
 .text.lcd_str  0x000002b4       0x18 ./LCD/lcd44780.o
                0x000002b4                lcd_str
 .text.lcd_str_P
                0x000002cc       0x1e ./LCD/lcd44780.o
                0x000002cc                lcd_str_P
 .text.lcd_str_E
                0x000002ea       0x22 ./LCD/lcd44780.o
                0x000002ea                lcd_str_E
 .text.lcd_int  0x0000030c       0x36 ./LCD/lcd44780.o
                0x0000030c                lcd_int
 .text.lcd_hex  0x00000342       0x36 ./LCD/lcd44780.o
                0x00000342                lcd_hex
 .text.lcd_defchar
                0x00000378       0x34 ./LCD/lcd44780.o
                0x00000378                lcd_defchar
 .text.lcd_defchar_P
                0x000003ac       0x38 ./LCD/lcd44780.o
                0x000003ac                lcd_defchar_P
 .text.lcd_defchar_E
                0x000003e4       0x4a ./LCD/lcd44780.o
                0x000003e4                lcd_defchar_E
 .text.lcd_locate
                0x0000042e        0xe ./LCD/lcd44780.o
                0x0000042e                lcd_locate
 .text.lcd_cls  0x0000043c        0x6 ./LCD/lcd44780.o
                0x0000043c                lcd_cls
 .text.lcd_init
                0x00000442       0x8e ./LCD/lcd44780.o
                0x00000442                lcd_init
 .text.ir_init  0x000004d0       0x20 ./IR_DECODE/ir_decode.o
                0x000004d0                ir_init
 .text.__vector_6
                0x000004f0      0x16a ./IR_DECODE/ir_decode.o
                0x000004f0                __vector_6
 .text.TWI_start
                0x0000065a        0xc ./I2C_TWI/i2c_twi.o
                0x0000065a                TWI_start
 .text.TWI_stop
                0x00000666        0xc ./I2C_TWI/i2c_twi.o
                0x00000666                TWI_stop
 .text.TWI_write
                0x00000672        0xe ./I2C_TWI/i2c_twi.o
                0x00000672                TWI_write
 .text.TWI_read
                0x00000680       0x16 ./I2C_TWI/i2c_twi.o
                0x00000680                TWI_read
 .text.TWI_write_buf
                0x00000696       0x48 ./I2C_TWI/i2c_twi.o
                0x00000696                TWI_write_buf
 .text.TWI_read_buf
                0x000006de       0x5e ./I2C_TWI/i2c_twi.o
                0x000006de                TWI_read_buf
 .text.crc8     0x0000073c       0x32 ./1Wire/crc8.o
                0x0000073c                crc8
 .text.DS18X20_meas_to_cel
                0x0000076e       0xc4 ./1Wire/ds18x20.o
                0x0000076e                DS18X20_meas_to_cel
 .text.DS18X20_temp_cmp
                0x00000832       0x2e ./1Wire/ds18x20.o
                0x00000832                DS18X20_temp_cmp
 .text.DS18X20_find_sensor
                0x00000860       0x32 ./1Wire/ds18x20.o
                0x00000860                DS18X20_find_sensor
 .text.search_sensors
                0x00000892       0x86 ./1Wire/ds18x20.o
                0x00000892                search_sensors
 .text.DS18X20_get_power_status
                0x00000918       0x34 ./1Wire/ds18x20.o
                0x00000918                DS18X20_get_power_status
 .text.DS18X20_start_meas
                0x0000094c       0x42 ./1Wire/ds18x20.o
                0x0000094c                DS18X20_start_meas
 .text.DS18X20_read_meas
                0x0000098e       0xc2 ./1Wire/ds18x20.o
                0x0000098e                DS18X20_read_meas
 .text.DS18X20_read_meas_single
                0x00000a50       0xbe ./1Wire/ds18x20.o
                0x00000a50                DS18X20_read_meas_single
 .text.ow_input_pin_state
                0x00000b0e        0x6 ./1Wire/onewire.o
                0x00000b0e                ow_input_pin_state
 .text.ow_parasite_enable
                0x00000b14        0x6 ./1Wire/onewire.o
                0x00000b14                ow_parasite_enable
 .text.ow_parasite_disable
                0x00000b1a        0x6 ./1Wire/onewire.o
                0x00000b1a                ow_parasite_disable
 .text.ow_reset
                0x00000b20       0x34 ./1Wire/onewire.o
                0x00000b20                ow_reset
 .text.ow_bit_io
                0x00000b54       0x28 ./1Wire/onewire.o
                0x00000b54                ow_bit_io
 .text.ow_byte_wr
                0x00000b7c       0x22 ./1Wire/onewire.o
                0x00000b7c                ow_byte_wr
 .text.ow_byte_rd
                0x00000b9e        0x6 ./1Wire/onewire.o
                0x00000b9e                ow_byte_rd
 .text.ow_rom_search
                0x00000ba4       0x9a ./1Wire/onewire.o
                0x00000ba4                ow_rom_search
 .text.ow_command
                0x00000c3e       0x48 ./1Wire/onewire.o
                0x00000c3e                ow_command
 .text.d_led_init
                0x00000c86       0x2a ./d_led.o
                0x00000c86                d_led_init
 .text.__vector_10
                0x00000cb0       0x86 ./d_led.o
                0x00000cb0                __vector_10
 .text.kl1_press
                0x00000d36        0x4 ./main.o
                0x00000d36                kl1_press
 .text.kl1_rep  0x00000d3a        0xa ./main.o
                0x00000d3a                kl1_rep
 .text.kl2_press
                0x00000d44        0x4 ./main.o
                0x00000d44                kl2_press
 .text.kl2_rep  0x00000d48       0x2a ./main.o
                0x00000d48                kl2_rep
 .text.__vector_1
                0x00000d72       0x1e ./main.o
                0x00000d72                __vector_1
 .text.__vector_4
                0x00000d90       0x74 ./main.o
                0x00000d90                __vector_4
 .text.SuperDebounce
                0x00000e04       0xf4 ./main.o
                0x00000e04                SuperDebounce
 .text.display_temp
                0x00000ef8       0x42 ./main.o
                0x00000ef8                display_temp
 .text.dec2bcd  0x00000f3a       0x14 ./main.o
                0x00000f3a                dec2bcd
 .text.bcd2dec  0x00000f4e       0x12 ./main.o
                0x00000f4e                bcd2dec
 .text.startup.main
                0x00000f60      0x324 ./main.o
                0x00000f60                main
 .text.libgcc.mul
                0x00001284        0x0 c:/users/komputer/documents/mkclipse/avr toolchain/bin/../lib/gcc/avr/5.4.0/avr5\libgcc.a(_udivmodqi4.o)
 .text.libgcc.div
                0x00001284       0x18 c:/users/komputer/documents/mkclipse/avr toolchain/bin/../lib/gcc/avr/5.4.0/avr5\libgcc.a(_udivmodqi4.o)
                0x00001284                __udivmodqi4
 .text.libgcc   0x0000129c        0x0 c:/users/komputer/documents/mkclipse/avr toolchain/bin/../lib/gcc/avr/5.4.0/avr5\libgcc.a(_udivmodqi4.o)
 .text.libgcc.prologue
                0x0000129c        0x0 c:/users/komputer/documents/mkclipse/avr toolchain/bin/../lib/gcc/avr/5.4.0/avr5\libgcc.a(_udivmodqi4.o)
 .text.libgcc.builtins
                0x0000129c        0x0 c:/users/komputer/documents/mkclipse/avr toolchain/bin/../lib/gcc/avr/5.4.0/avr5\libgcc.a(_udivmodqi4.o)
 .text.libgcc.fmul
                0x0000129c        0x0 c:/users/komputer/documents/mkclipse/avr toolchain/bin/../lib/gcc/avr/5.4.0/avr5\libgcc.a(_udivmodqi4.o)
 .text.libgcc.fixed
                0x0000129c        0x0 c:/users/komputer/documents/mkclipse/avr toolchain/bin/../lib/gcc/avr/5.4.0/avr5\libgcc.a(_udivmodqi4.o)
 .text.libgcc.mul
                0x0000129c        0x0 c:/users/komputer/documents/mkclipse/avr toolchain/bin/../lib/gcc/avr/5.4.0/avr5\libgcc.a(_exit.o)
 .text.libgcc.div
                0x0000129c        0x0 c:/users/komputer/documents/mkclipse/avr toolchain/bin/../lib/gcc/avr/5.4.0/avr5\libgcc.a(_exit.o)
 .text.libgcc   0x0000129c        0x0 c:/users/komputer/documents/mkclipse/avr toolchain/bin/../lib/gcc/avr/5.4.0/avr5\libgcc.a(_exit.o)
 .text.libgcc.prologue
                0x0000129c        0x0 c:/users/komputer/documents/mkclipse/avr toolchain/bin/../lib/gcc/avr/5.4.0/avr5\libgcc.a(_exit.o)
 .text.libgcc.builtins
                0x0000129c        0x0 c:/users/komputer/documents/mkclipse/avr toolchain/bin/../lib/gcc/avr/5.4.0/avr5\libgcc.a(_exit.o)
 .text.libgcc.fmul
                0x0000129c        0x0 c:/users/komputer/documents/mkclipse/avr toolchain/bin/../lib/gcc/avr/5.4.0/avr5\libgcc.a(_exit.o)
 .text.libgcc.fixed
                0x0000129c        0x0 c:/users/komputer/documents/mkclipse/avr toolchain/bin/../lib/gcc/avr/5.4.0/avr5\libgcc.a(_exit.o)
 .text.libgcc.mul
                0x0000129c        0x0 c:/users/komputer/documents/mkclipse/avr toolchain/bin/../lib/gcc/avr/5.4.0/avr5\libgcc.a(_copy_data.o)
 .text.libgcc.div
                0x0000129c        0x0 c:/users/komputer/documents/mkclipse/avr toolchain/bin/../lib/gcc/avr/5.4.0/avr5\libgcc.a(_copy_data.o)
 .text.libgcc   0x0000129c        0x0 c:/users/komputer/documents/mkclipse/avr toolchain/bin/../lib/gcc/avr/5.4.0/avr5\libgcc.a(_copy_data.o)
 .text.libgcc.prologue
                0x0000129c        0x0 c:/users/komputer/documents/mkclipse/avr toolchain/bin/../lib/gcc/avr/5.4.0/avr5\libgcc.a(_copy_data.o)
 .text.libgcc.builtins
                0x0000129c        0x0 c:/users/komputer/documents/mkclipse/avr toolchain/bin/../lib/gcc/avr/5.4.0/avr5\libgcc.a(_copy_data.o)
 .text.libgcc.fmul
                0x0000129c        0x0 c:/users/komputer/documents/mkclipse/avr toolchain/bin/../lib/gcc/avr/5.4.0/avr5\libgcc.a(_copy_data.o)
 .text.libgcc.fixed
                0x0000129c        0x0 c:/users/komputer/documents/mkclipse/avr toolchain/bin/../lib/gcc/avr/5.4.0/avr5\libgcc.a(_copy_data.o)
 .text.libgcc.mul
                0x0000129c        0x0 c:/users/komputer/documents/mkclipse/avr toolchain/bin/../lib/gcc/avr/5.4.0/avr5\libgcc.a(_clear_bss.o)
 .text.libgcc.div
                0x0000129c        0x0 c:/users/komputer/documents/mkclipse/avr toolchain/bin/../lib/gcc/avr/5.4.0/avr5\libgcc.a(_clear_bss.o)
 .text.libgcc   0x0000129c        0x0 c:/users/komputer/documents/mkclipse/avr toolchain/bin/../lib/gcc/avr/5.4.0/avr5\libgcc.a(_clear_bss.o)
 .text.libgcc.prologue
                0x0000129c        0x0 c:/users/komputer/documents/mkclipse/avr toolchain/bin/../lib/gcc/avr/5.4.0/avr5\libgcc.a(_clear_bss.o)
 .text.libgcc.builtins
                0x0000129c        0x0 c:/users/komputer/documents/mkclipse/avr toolchain/bin/../lib/gcc/avr/5.4.0/avr5\libgcc.a(_clear_bss.o)
 .text.libgcc.fmul
                0x0000129c        0x0 c:/users/komputer/documents/mkclipse/avr toolchain/bin/../lib/gcc/avr/5.4.0/avr5\libgcc.a(_clear_bss.o)
 .text.libgcc.fixed
                0x0000129c        0x0 c:/users/komputer/documents/mkclipse/avr toolchain/bin/../lib/gcc/avr/5.4.0/avr5\libgcc.a(_clear_bss.o)
 .text.avr-libc
                0x0000129c       0x16 c:/users/komputer/documents/mkclipse/avr toolchain/bin/../lib/gcc/avr/5.4.0/../../../../avr/lib/avr5\libc.a(itoa.o)
                0x0000129c                __itoa
                0x0000129c                itoa
 .text.avr-libc
                0x000012b2       0x16 c:/users/komputer/documents/mkclipse/avr toolchain/bin/../lib/gcc/avr/5.4.0/../../../../avr/lib/avr5\libc.a(itoa_ncheck.o)
                0x000012b2                __itoa_ncheck
 .text.avr-libc
                0x000012c8       0x1e c:/users/komputer/documents/mkclipse/avr toolchain/bin/../lib/gcc/avr/5.4.0/../../../../avr/lib/avr5\libc.a(ltoa_ncheck.o)
                0x000012c8                __ltoa_ncheck
 .text.avr-libc
                0x000012e6       0x44 c:/users/komputer/documents/mkclipse/avr toolchain/bin/../lib/gcc/avr/5.4.0/../../../../avr/lib/avr5\libc.a(ultoa_ncheck.o)
                0x000012e6                __ultoa_ncheck
                0x000012e8                __ultoa_common
 .text.avr-libc
                0x0000132a       0x34 c:/users/komputer/documents/mkclipse/avr toolchain/bin/../lib/gcc/avr/5.4.0/../../../../avr/lib/avr5\libc.a(utoa_ncheck.o)
                0x0000132a                __utoa_ncheck
                0x0000132c                __utoa_common
 .text.avr-libc
                0x0000135e       0x10 c:/users/komputer/documents/mkclipse/avr toolchain/bin/../lib/gcc/avr/5.4.0/../../../../avr/lib/avr5\libc.a(eerd_byte_atmega32.o)
                0x0000135e                __eerd_byte_m32
 .text.avr-libc
                0x0000136e       0x20 c:/users/komputer/documents/mkclipse/avr toolchain/bin/../lib/gcc/avr/5.4.0/../../../../avr/lib/avr5\libc.a(strrev.o)
                0x0000136e                strrev
                0x0000138e                . = ALIGN (0x2)
 *(.fini9)
 .fini9         0x0000138e        0x0 c:/users/komputer/documents/mkclipse/avr toolchain/bin/../lib/gcc/avr/5.4.0/avr5\libgcc.a(_exit.o)
                0x0000138e                _exit
                0x0000138e                exit
 *(.fini9)
 *(.fini8)
 *(.fini8)
 *(.fini7)
 *(.fini7)
 *(.fini6)
 *(.fini6)
 *(.fini5)
 *(.fini5)
 *(.fini4)
 *(.fini4)
 *(.fini3)
 *(.fini3)
 *(.fini2)
 *(.fini2)
 *(.fini1)
 *(.fini1)
 *(.fini0)
 .fini0         0x0000138e        0x4 c:/users/komputer/documents/mkclipse/avr toolchain/bin/../lib/gcc/avr/5.4.0/avr5\libgcc.a(_exit.o)
 *(.fini0)
                0x00001392                _etext = .

.data           0x00800060       0x5a load address 0x00001392
                0x00800060                PROVIDE (__data_start, .)
 *(.data)
 .data          0x00800060        0x0 c:/users/komputer/documents/mkclipse/avr toolchain/bin/../lib/gcc/avr/5.4.0/../../../../avr/lib/avr5/crtatmega32.o
 .data          0x00800060        0x0 ./MKUART/mkuart.o
 .data          0x00800060        0x0 ./LCD/lcd44780.o
 .data          0x00800060        0x0 ./IR_DECODE/ir_decode.o
 .data          0x00800060        0x0 ./I2C_TWI/i2c_twi.o
 .data          0x00800060        0x0 ./1Wire/crc8.o
 .data          0x00800060        0x0 ./1Wire/ds18x20.o
 .data          0x00800060        0x0 ./1Wire/onewire.o
 .data          0x00800060        0x0 ./d_led.o
 .data          0x00800060        0x0 ./main.o
 .data          0x00800060        0x0 c:/users/komputer/documents/mkclipse/avr toolchain/bin/../lib/gcc/avr/5.4.0/avr5\libgcc.a(_udivmodqi4.o)
 .data          0x00800060        0x0 c:/users/komputer/documents/mkclipse/avr toolchain/bin/../lib/gcc/avr/5.4.0/avr5\libgcc.a(_exit.o)
 .data          0x00800060        0x0 c:/users/komputer/documents/mkclipse/avr toolchain/bin/../lib/gcc/avr/5.4.0/avr5\libgcc.a(_copy_data.o)
 .data          0x00800060        0x0 c:/users/komputer/documents/mkclipse/avr toolchain/bin/../lib/gcc/avr/5.4.0/avr5\libgcc.a(_clear_bss.o)
 .data          0x00800060        0x0 c:/users/komputer/documents/mkclipse/avr toolchain/bin/../lib/gcc/avr/5.4.0/../../../../avr/lib/avr5\libc.a(itoa.o)
 .data          0x00800060        0x0 c:/users/komputer/documents/mkclipse/avr toolchain/bin/../lib/gcc/avr/5.4.0/../../../../avr/lib/avr5\libc.a(itoa_ncheck.o)
 .data          0x00800060        0x0 c:/users/komputer/documents/mkclipse/avr toolchain/bin/../lib/gcc/avr/5.4.0/../../../../avr/lib/avr5\libc.a(ltoa_ncheck.o)
 .data          0x00800060        0x0 c:/users/komputer/documents/mkclipse/avr toolchain/bin/../lib/gcc/avr/5.4.0/../../../../avr/lib/avr5\libc.a(ultoa_ncheck.o)
 .data          0x00800060        0x0 c:/users/komputer/documents/mkclipse/avr toolchain/bin/../lib/gcc/avr/5.4.0/../../../../avr/lib/avr5\libc.a(utoa_ncheck.o)
 .data          0x00800060        0x0 c:/users/komputer/documents/mkclipse/avr toolchain/bin/../lib/gcc/avr/5.4.0/../../../../avr/lib/avr5\libc.a(eerd_byte_atmega32.o)
 .data          0x00800060        0x0 c:/users/komputer/documents/mkclipse/avr toolchain/bin/../lib/gcc/avr/5.4.0/../../../../avr/lib/avr5\libc.a(strrev.o)
 *(.data*)
 .data.stopien  0x00800060        0x8 ./main.o
                0x00800060                stopien
 .data.int0_flag
                0x00800068        0x1 ./main.o
                0x00800068                int0_flag
 *(.rodata)
 .rodata        0x00800069       0x10 ./1Wire/ds18x20.o
 *(.rodata*)
 .rodata.an.1778
                0x00800079        0x4 ./d_led.o
 .rodata.str1.1
                0x0080007d       0x3d ./main.o
                                 0x44 (size before relaxing)
 *(.gnu.linkonce.d*)
                0x008000ba                . = ALIGN (0x2)
                0x008000ba                _edata = .
                0x008000ba                PROVIDE (__data_end, .)

.bss            0x008000ba       0x79
                0x008000ba                PROVIDE (__bss_start, .)
 *(.bss)
 .bss           0x008000ba        0x0 c:/users/komputer/documents/mkclipse/avr toolchain/bin/../lib/gcc/avr/5.4.0/../../../../avr/lib/avr5/crtatmega32.o
 .bss           0x008000ba        0x0 ./MKUART/mkuart.o
 .bss           0x008000ba        0x0 ./LCD/lcd44780.o
 .bss           0x008000ba        0x0 ./IR_DECODE/ir_decode.o
 .bss           0x008000ba        0x0 ./I2C_TWI/i2c_twi.o
 .bss           0x008000ba        0x0 ./1Wire/crc8.o
 .bss           0x008000ba        0x0 ./1Wire/ds18x20.o
 .bss           0x008000ba        0x0 ./1Wire/onewire.o
 .bss           0x008000ba        0x0 ./d_led.o
 .bss           0x008000ba        0x0 ./main.o
 .bss           0x008000ba        0x0 c:/users/komputer/documents/mkclipse/avr toolchain/bin/../lib/gcc/avr/5.4.0/avr5\libgcc.a(_udivmodqi4.o)
 .bss           0x008000ba        0x0 c:/users/komputer/documents/mkclipse/avr toolchain/bin/../lib/gcc/avr/5.4.0/avr5\libgcc.a(_exit.o)
 .bss           0x008000ba        0x0 c:/users/komputer/documents/mkclipse/avr toolchain/bin/../lib/gcc/avr/5.4.0/avr5\libgcc.a(_copy_data.o)
 .bss           0x008000ba        0x0 c:/users/komputer/documents/mkclipse/avr toolchain/bin/../lib/gcc/avr/5.4.0/avr5\libgcc.a(_clear_bss.o)
 .bss           0x008000ba        0x0 c:/users/komputer/documents/mkclipse/avr toolchain/bin/../lib/gcc/avr/5.4.0/../../../../avr/lib/avr5\libc.a(itoa.o)
 .bss           0x008000ba        0x0 c:/users/komputer/documents/mkclipse/avr toolchain/bin/../lib/gcc/avr/5.4.0/../../../../avr/lib/avr5\libc.a(itoa_ncheck.o)
 .bss           0x008000ba        0x0 c:/users/komputer/documents/mkclipse/avr toolchain/bin/../lib/gcc/avr/5.4.0/../../../../avr/lib/avr5\libc.a(ltoa_ncheck.o)
 .bss           0x008000ba        0x0 c:/users/komputer/documents/mkclipse/avr toolchain/bin/../lib/gcc/avr/5.4.0/../../../../avr/lib/avr5\libc.a(ultoa_ncheck.o)
 .bss           0x008000ba        0x0 c:/users/komputer/documents/mkclipse/avr toolchain/bin/../lib/gcc/avr/5.4.0/../../../../avr/lib/avr5\libc.a(utoa_ncheck.o)
 .bss           0x008000ba        0x0 c:/users/komputer/documents/mkclipse/avr toolchain/bin/../lib/gcc/avr/5.4.0/../../../../avr/lib/avr5\libc.a(eerd_byte_atmega32.o)
 .bss           0x008000ba        0x0 c:/users/komputer/documents/mkclipse/avr toolchain/bin/../lib/gcc/avr/5.4.0/../../../../avr/lib/avr5\libc.a(strrev.o)
 *(.bss*)
 .bss.IrPulseCount.1619
                0x008000ba        0x1 ./IR_DECODE/ir_decode.o
 .bss.IrData.1620
                0x008000bb        0x2 ./IR_DECODE/ir_decode.o
 .bss.frame_status.1621
                0x008000bd        0x1 ./IR_DECODE/ir_decode.o
 .bss.LastCapture.1617
                0x008000be        0x2 ./IR_DECODE/ir_decode.o
 .bss.idx.1779  0x008000c0        0x1 ./d_led.o
 *(COMMON)
 COMMON         0x008000c1       0x34 ./MKUART/mkuart.o
                0x008000c1                UART_TxHead
                0x008000c2                UART_TxTail
                0x008000c3                UART_TxBuf
                0x008000d3                UART_RxHead
                0x008000d4                UART_RxTail
                0x008000d5                UART_RxBuf
 COMMON         0x008000f5        0x5 ./IR_DECODE/ir_decode.o
                0x008000f5                toggle_bit
                0x008000f6                address
                0x008000f7                command
                0x008000f8                rc5cnt
                0x008000f9                Ir_key_press_flag
 COMMON         0x008000fa       0x20 ./1Wire/ds18x20.o
                0x008000fa                gSensorIDs
 COMMON         0x0080011a        0x4 ./d_led.o
                0x0080011a                cy4
                0x0080011b                cy1
                0x0080011c                cy2
                0x0080011d                cy3
 COMMON         0x0080011e       0x15 ./main.o
                0x0080011e                Timer3
                0x00800120                godziny
                0x00800121                sekundy
                0x00800122                lcd_cnt
                0x00800123                Timer4
                0x00800125                cel_fract_bits
                0x00800126                subzero
                0x00800127                bufor
                0x0080012b                cel
                0x0080012c                Timer2
                0x0080012e                lcd_blink
                0x0080012f                czujniki_cnt
                0x00800130                Timer1
                0x00800132                minuty
                0x00800133                PROVIDE (__bss_end, .)
                0x00001392                __data_load_start = LOADADDR (.data)
                0x000013ec                __data_load_end = (__data_load_start + SIZEOF (.data))

.noinit         0x00800133        0x0
                0x00800133                PROVIDE (__noinit_start, .)
 *(.noinit*)
                0x00800133                PROVIDE (__noinit_end, .)
                0x00800133                _end = .
                0x00800133                PROVIDE (__heap_start, .)

.eeprom         0x00810000        0x0
 *(.eeprom*)
                0x00810000                __eeprom_end = .

.fuse
 *(.fuse)
 *(.lfuse)
 *(.hfuse)
 *(.efuse)

.lock
 *(.lock*)

.signature
 *(.signature*)

.user_signatures
 *(.user_signatures*)

.stab
 *(.stab)

.stabstr
 *(.stabstr)

.stab.excl
 *(.stab.excl)

.stab.exclstr
 *(.stab.exclstr)

.stab.index
 *(.stab.index)

.stab.indexstr
 *(.stab.indexstr)

.comment        0x00000000       0x30
 *(.comment)
 .comment       0x00000000       0x30 ./MKUART/mkuart.o
                                 0x31 (size before relaxing)
 .comment       0x00000000       0x31 ./LCD/lcd44780.o
 .comment       0x00000000       0x31 ./IR_DECODE/ir_decode.o
 .comment       0x00000000       0x31 ./I2C_TWI/i2c_twi.o
 .comment       0x00000000       0x31 ./1Wire/crc8.o
 .comment       0x00000000       0x31 ./1Wire/ds18x20.o
 .comment       0x00000000       0x31 ./1Wire/onewire.o
 .comment       0x00000000       0x31 ./d_led.o
 .comment       0x00000000       0x31 ./main.o

.note.gnu.avr.deviceinfo
                0x00000000       0x3c
 .note.gnu.avr.deviceinfo
                0x00000000       0x3c c:/users/komputer/documents/mkclipse/avr toolchain/bin/../lib/gcc/avr/5.4.0/../../../../avr/lib/avr5/crtatmega32.o

.note.gnu.build-id
 *(.note.gnu.build-id)

.debug
 *(.debug)

.line
 *(.line)

.debug_srcinfo
 *(.debug_srcinfo)

.debug_sfnames
 *(.debug_sfnames)

.debug_aranges
 *(.debug_aranges)

.debug_pubnames
 *(.debug_pubnames)

.debug_info     0x00000000      0x4e6
 *(.debug_info .gnu.linkonce.wi.*)
 .debug_info    0x00000000      0x4e6 c:/users/komputer/documents/mkclipse/avr toolchain/bin/../lib/gcc/avr/5.4.0/../../../../avr/lib/avr5/crtatmega32.o

.debug_abbrev   0x00000000      0x4a3
 *(.debug_abbrev)
 .debug_abbrev  0x00000000      0x4a3 c:/users/komputer/documents/mkclipse/avr toolchain/bin/../lib/gcc/avr/5.4.0/../../../../avr/lib/avr5/crtatmega32.o

.debug_line     0x00000000       0x1a
 *(.debug_line .debug_line.* .debug_line_end)
 .debug_line    0x00000000       0x1a c:/users/komputer/documents/mkclipse/avr toolchain/bin/../lib/gcc/avr/5.4.0/../../../../avr/lib/avr5/crtatmega32.o

.debug_frame
 *(.debug_frame)

.debug_str      0x00000000      0x196
 *(.debug_str)
 .debug_str     0x00000000      0x196 c:/users/komputer/documents/mkclipse/avr toolchain/bin/../lib/gcc/avr/5.4.0/../../../../avr/lib/avr5/crtatmega32.o

.debug_loc
 *(.debug_loc)

.debug_macinfo
 *(.debug_macinfo)

.debug_weaknames
 *(.debug_weaknames)

.debug_funcnames
 *(.debug_funcnames)

.debug_typenames
 *(.debug_typenames)

.debug_varnames
 *(.debug_varnames)

.debug_pubtypes
 *(.debug_pubtypes)

.debug_ranges
 *(.debug_ranges)

.debug_macro
 *(.debug_macro)
OUTPUT(19_test.elf elf32-avr)
LOAD linker stubs
