Archive member included to satisfy reference by file (symbol)

c:/program files (x86)/atmel/studio/7.0/toolchain/avr8/avr8-gnu-toolchain/bin/../lib/gcc/avr/5.4.0/avr5\libgcc.a(_mulsi3.o)
                              MK_PRESSURE_HUMIDITY_LIB/mk_bmp280.o (__mulsi3)
c:/program files (x86)/atmel/studio/7.0/toolchain/avr8/avr8-gnu-toolchain/bin/../lib/gcc/avr/5.4.0/avr5\libgcc.a(_udivmodqi4.o)
                              main.o (__udivmodqi4)
c:/program files (x86)/atmel/studio/7.0/toolchain/avr8/avr8-gnu-toolchain/bin/../lib/gcc/avr/5.4.0/avr5\libgcc.a(_udivmodhi4.o)
                              MK_PRESSURE_HUMIDITY_LIB/mk_i2c.o (__udivmodhi4)
c:/program files (x86)/atmel/studio/7.0/toolchain/avr8/avr8-gnu-toolchain/bin/../lib/gcc/avr/5.4.0/avr5\libgcc.a(_udivmodsi4.o)
                              MK_PRESSURE_HUMIDITY_LIB/mk_bmp280.o (__udivmodsi4)
c:/program files (x86)/atmel/studio/7.0/toolchain/avr8/avr8-gnu-toolchain/bin/../lib/gcc/avr/5.4.0/avr5\libgcc.a(_divmodsi4.o)
                              I2C_TWI/i2c_twi.o (__divmodsi4)
c:/program files (x86)/atmel/studio/7.0/toolchain/avr8/avr8-gnu-toolchain/bin/../lib/gcc/avr/5.4.0/avr5\libgcc.a(_negsi2.o)
                              c:/program files (x86)/atmel/studio/7.0/toolchain/avr8/avr8-gnu-toolchain/bin/../lib/gcc/avr/5.4.0/avr5\libgcc.a(_divmodsi4.o) (__negsi2)
c:/program files (x86)/atmel/studio/7.0/toolchain/avr8/avr8-gnu-toolchain/bin/../lib/gcc/avr/5.4.0/avr5\libgcc.a(_exit.o)
                              C:/Program Files (x86)/Atmel/Studio/7.0/Packs/atmel/ATmega_DFP/1.7.374/gcc/dev/atmega32a/avr5/crtatmega32a.o (exit)
c:/program files (x86)/atmel/studio/7.0/toolchain/avr8/avr8-gnu-toolchain/bin/../lib/gcc/avr/5.4.0/avr5\libgcc.a(_tablejump2.o)
                              main.o (__tablejump2__)
c:/program files (x86)/atmel/studio/7.0/toolchain/avr8/avr8-gnu-toolchain/bin/../lib/gcc/avr/5.4.0/avr5\libgcc.a(_copy_data.o)
                              1Wire/ds18x20.o (__do_copy_data)
c:/program files (x86)/atmel/studio/7.0/toolchain/avr8/avr8-gnu-toolchain/bin/../lib/gcc/avr/5.4.0/avr5\libgcc.a(_clear_bss.o)
                              1Wire/ds18x20.o (__do_clear_bss)
c:/program files (x86)/atmel/studio/7.0/toolchain/avr8/avr8-gnu-toolchain/bin/../lib/gcc/avr/5.4.0/avr5\libgcc.a(_muluhisi3.o)
                              MK_PRESSURE_HUMIDITY_LIB/mk_bmp280.o (__muluhisi3)
c:/program files (x86)/atmel/studio/7.0/toolchain/avr8/avr8-gnu-toolchain/bin/../lib/gcc/avr/5.4.0/avr5\libgcc.a(_mulshisi3.o)
                              MK_PRESSURE_HUMIDITY_LIB/mk_bmp280.o (__mulshisi3)
c:/program files (x86)/atmel/studio/7.0/toolchain/avr8/avr8-gnu-toolchain/bin/../lib/gcc/avr/5.4.0/avr5\libgcc.a(_muldi3.o)
                              MK_PRESSURE_HUMIDITY_LIB/mk_bmp280.o (__muldi3)
c:/program files (x86)/atmel/studio/7.0/toolchain/avr8/avr8-gnu-toolchain/bin/../lib/gcc/avr/5.4.0/avr5\libgcc.a(_muldi3_6.o)
                              c:/program files (x86)/atmel/studio/7.0/toolchain/avr8/avr8-gnu-toolchain/bin/../lib/gcc/avr/5.4.0/avr5\libgcc.a(_muldi3.o) (__muldi3_6)
c:/program files (x86)/atmel/studio/7.0/toolchain/avr8/avr8-gnu-toolchain/bin/../lib/gcc/avr/5.4.0/avr5\libgcc.a(_divdi3.o)
                              MK_PRESSURE_HUMIDITY_LIB/mk_bmp280.o (__divdi3)
c:/program files (x86)/atmel/studio/7.0/toolchain/avr8/avr8-gnu-toolchain/bin/../lib/gcc/avr/5.4.0/avr5\libgcc.a(_udivdi3.o)
                              c:/program files (x86)/atmel/studio/7.0/toolchain/avr8/avr8-gnu-toolchain/bin/../lib/gcc/avr/5.4.0/avr5\libgcc.a(_divdi3.o) (__udivdi3_umoddi3)
c:/program files (x86)/atmel/studio/7.0/toolchain/avr8/avr8-gnu-toolchain/bin/../lib/gcc/avr/5.4.0/avr5\libgcc.a(_udivmod64.o)
                              c:/program files (x86)/atmel/studio/7.0/toolchain/avr8/avr8-gnu-toolchain/bin/../lib/gcc/avr/5.4.0/avr5\libgcc.a(_divdi3.o) (__udivmod64)
c:/program files (x86)/atmel/studio/7.0/toolchain/avr8/avr8-gnu-toolchain/bin/../lib/gcc/avr/5.4.0/avr5\libgcc.a(_negdi2.o)
                              c:/program files (x86)/atmel/studio/7.0/toolchain/avr8/avr8-gnu-toolchain/bin/../lib/gcc/avr/5.4.0/avr5\libgcc.a(_divdi3.o) (__negdi2)
c:/program files (x86)/atmel/studio/7.0/toolchain/avr8/avr8-gnu-toolchain/bin/../lib/gcc/avr/5.4.0/avr5\libgcc.a(_prologue.o)
                              c:/program files (x86)/atmel/studio/7.0/toolchain/avr8/avr8-gnu-toolchain/bin/../lib/gcc/avr/5.4.0/avr5\libgcc.a(_divdi3.o) (__prologue_saves__)
c:/program files (x86)/atmel/studio/7.0/toolchain/avr8/avr8-gnu-toolchain/bin/../lib/gcc/avr/5.4.0/avr5\libgcc.a(_epilogue.o)
                              c:/program files (x86)/atmel/studio/7.0/toolchain/avr8/avr8-gnu-toolchain/bin/../lib/gcc/avr/5.4.0/avr5\libgcc.a(_divdi3.o) (__epilogue_restores__)
c:/program files (x86)/atmel/studio/7.0/toolchain/avr8/avr8-gnu-toolchain/bin/../lib/gcc/avr/5.4.0/avr5\libgcc.a(_ashldi3.o)
                              MK_PRESSURE_HUMIDITY_LIB/mk_bmp280.o (__ashldi3)
[...]
Memory Configuration

Name             Origin             Length             Attributes
text             0x00000000         0x00008000         xr
data             0x00800060         0x00000800         rw !x
eeprom           0x00810000         0x00000400         rw !x
fuse             0x00820000         0x00000002         rw !x
lock             0x00830000         0x00000400         rw !x
signature        0x00840000         0x00000400         rw !x
user_signatures  0x00850000         0x00000400         rw !x
*default*        0x00000000         0xffffffff

Linker script and memory map

LOAD C:/Program Files (x86)/Atmel/Studio/7.0/Packs/atmel/ATmega_DFP/1.7.374/gcc/dev/atmega32a/avr5/crtatmega32a.o
LOAD 1Wire/crc8.o
LOAD 1Wire/ds18x20.o
LOAD 1Wire/onewire.o
LOAD 7_LED/7_led.o
LOAD I2C_TWI/i2c_twi.o
LOAD IR_DECODE/ir_decode.o
LOAD LCD/lcd44780.o
LOAD main.o
LOAD MKUART/mkuart.o
LOAD MK_PRESSURE_HUMIDITY_LIB/mk_bmp180.o
LOAD MK_PRESSURE_HUMIDITY_LIB/mk_bmp280.o
LOAD MK_PRESSURE_HUMIDITY_LIB/mk_hih6131.o
LOAD MK_PRESSURE_HUMIDITY_LIB/mk_i2c.o
LOAD MK_PRESSURE_HUMIDITY_LIB/mk_pressure.o
LOAD OLED/font.o
LOAD OLED/i2c.o
LOAD OLED/lcd.o
START GROUP
LOAD c:/program files (x86)/atmel/studio/7.0/toolchain/avr8/avr8-gnu-toolchain/bin/../lib/gcc/avr/5.4.0/../../../../avr/lib/avr5\libm.a
END GROUP
START GROUP
LOAD c:/program files (x86)/atmel/studio/7.0/toolchain/avr8/avr8-gnu-toolchain/bin/../lib/gcc/avr/5.4.0/avr5\libgcc.a
LOAD c:/program files (x86)/atmel/studio/7.0/toolchain/avr8/avr8-gnu-toolchain/bin/../lib/gcc/avr/5.4.0/../../../../avr/lib/avr5\libm.a
LOAD c:/program files (x86)/atmel/studio/7.0/toolchain/avr8/avr8-gnu-toolchain/bin/../lib/gcc/avr/5.4.0/../../../../avr/lib/avr5\libc.a
LOAD C:/Program Files (x86)/Atmel/Studio/7.0/Packs/atmel/ATmega_DFP/1.7.374/gcc/dev/atmega32a/avr5\libatmega32a.a
END GROUP
                [0x00000000]                __TEXT_REGION_ORIGIN__ = DEFINED (__TEXT_REGION_ORIGIN__)?__TEXT_REGION_ORIGIN__:0x0
                [0x00800060]                __DATA_REGION_ORIGIN__ = DEFINED (__DATA_REGION_ORIGIN__)?__DATA_REGION_ORIGIN__:0x800060
                [0x00008000]                __TEXT_REGION_LENGTH__ = DEFINED (__TEXT_REGION_LENGTH__)?__TEXT_REGION_LENGTH__:0x20000
                [0x00000800]                __DATA_REGION_LENGTH__ = DEFINED (__DATA_REGION_LENGTH__)?__DATA_REGION_LENGTH__:0xffa0
                [0x00000400]                __EEPROM_REGION_LENGTH__ = DEFINED (__EEPROM_REGION_LENGTH__)?__EEPROM_REGION_LENGTH__:0x10000
                [0x00000002]                __FUSE_REGION_LENGTH__ = DEFINED (__FUSE_REGION_LENGTH__)?__FUSE_REGION_LENGTH__:0x400
                0x00000400                __LOCK_REGION_LENGTH__ = DEFINED (__LOCK_REGION_LENGTH__)?__LOCK_REGION_LENGTH__:0x400
                0x00000400                __SIGNATURE_REGION_LENGTH__ = DEFINED (__SIGNATURE_REGION_LENGTH__)?__SIGNATURE_REGION_LENGTH__:0x400
                0x00000400                __USER_SIGNATURE_REGION_LENGTH__ = DEFINED (__USER_SIGNATURE_REGION_LENGTH__)?__USER_SIGNATURE_REGION_LENGTH__:0x400

.hash
 *(.hash)

.dynsym
 *(.dynsym)

.dynstr
 *(.dynstr)

.gnu.version
 *(.gnu.version)

.gnu.version_d
 *(.gnu.version_d)

.gnu.version_r
 *(.gnu.version_r)

.rel.init
 *(.rel.init)

.rela.init
 *(.rela.init)

.rel.text
 *(.rel.text)
 *(.rel.text.*)
 *(.rel.gnu.linkonce.t*)

.rela.text
 *(.rela.text)
 *(.rela.text.*)
 *(.rela.gnu.linkonce.t*)

.rel.fini
 *(.rel.fini)

.rela.fini
 *(.rela.fini)

.rel.rodata
 *(.rel.rodata)
 *(.rel.rodata.*)
 *(.rel.gnu.linkonce.r*)

.rela.rodata
 *(.rela.rodata)
 *(.rela.rodata.*)
 *(.rela.gnu.linkonce.r*)

.rel.data
 *(.rel.data)
 *(.rel.data.*)
 *(.rel.gnu.linkonce.d*)

.rela.data
 *(.rela.data)
 *(.rela.data.*)
 *(.rela.gnu.linkonce.d*)

.rel.ctors
 *(.rel.ctors)

.rela.ctors
 *(.rela.ctors)

.rel.dtors
 *(.rel.dtors)

.rela.dtors
 *(.rela.dtors)

.rel.got
 *(.rel.got)

.rela.got
 *(.rela.got)

.rel.bss
 *(.rel.bss)

.rela.bss
 *(.rela.bss)

.rel.plt
 *(.rel.plt)

.rela.plt
 *(.rela.plt)

.text           0x00000000     0x39e8
 *(.vectors)
 .vectors       0x00000000       0x54 C:/Program Files (x86)/Atmel/Studio/7.0/Packs/atmel/ATmega_DFP/1.7.374/gcc/dev/atmega32a/avr5/crtatmega32a.o
                0x00000000                __vector_default
                0x00000000                __vectors
 *(.vectors)
 *(.progmem.gcc*)
 .progmem.gcc_sw_table.oled_day_of_the_week
                0x00000054        0xe main.o
 .progmem.gcc_sw_table.usart_day_of_the_week
                0x00000062        0xe main.o
                0x00000070                . = ALIGN (0x2)
                0x00000070                __trampolines_start = .
 *(.trampolines)
 .trampolines   0x00000070        0x0 linker stubs
 *(.trampolines*)
                0x00000070                __trampolines_end = .
 *libprintf_flt.a:*(.progmem.data)
 *libc.a:*(.progmem.data)
 *(.progmem*)
 .progmem.data.cyfry
                0x00000070        0xf 7_LED/7_led.o
                0x00000070                cyfry
 .progmem.data.__c.2940
                0x0000007f       0x10 main.o
 .progmem.data.__c.2935
                0x0000008f       0x10 main.o
 .progmem.data.__c.2930
                0x0000009f       0x10 main.o
 .progmem.data.__c.2925
                0x000000af       0x10 main.o
 .progmem.data.__c.2899
                0x000000bf       0x10 main.o
 .progmem.data.__c.2897
                0x000000cf       0x10 main.o
 .progmem.data.__c.2895
                0x000000df       0x10 main.o
 .progmem.data.__c.2893
                0x000000ef       0x10 main.o
 .progmem.data.__c.2891
                0x000000ff        0x6 main.o
 .progmem.data.__c.2889
                0x00000105        0x6 main.o
 .progmem.data.__c.2884
                0x0000010b       0x10 main.o
 .progmem.data.__c.2882
                0x0000011b       0x10 main.o
 .progmem.data.__c.2880
                0x0000012b       0x10 main.o
 .progmem.data.__c.2878
                0x0000013b       0x10 main.o
 .progmem.data.__c.2862
                0x0000014b        0x3 main.o
 .progmem.data.__c.2859
                0x0000014e        0x3 main.o
 .progmem.data.__c.2856
                0x00000151        0x3 main.o
 .progmem.data.__c.2853
                0x00000154        0x3 main.o
 .progmem.data.__c.2850
                0x00000157        0x3 main.o
 .progmem.data.__c.2847
                0x0000015a        0x3 main.o
 .progmem.data.__c.2843
                0x0000015d        0x3 main.o
 .progmem.data.__c.2837
                0x00000160        0x3 main.o
 .progmem.data.__c.2835
                0x00000163        0x2 main.o
 .progmem.data.__c.2833
                0x00000165        0x2 main.o
 .progmem.data.__c.2831
                0x00000167        0x3 main.o
 .progmem.data.__c.2829
                0x0000016a        0x2 main.o
 .progmem.data.__c.2827
                0x0000016c        0x3 main.o
 .progmem.data.__c.2825
                0x0000016f       0x10 main.o
 .progmem.data.__c.2790
                0x0000017f       0x10 main.o
 .progmem.data.__c.2788
                0x0000018f        0x3 main.o
 .progmem.data.__c.2786
                0x00000192        0x2 main.o
 .progmem.data.__c.2784
                0x00000194        0x2 main.o
 .progmem.data.__c.2782
                0x00000196        0xb main.o
 .progmem.data.__c.2780
                0x000001a1        0x5 main.o
 .progmem.data.__c.2778
                0x000001a6        0x2 main.o
 .progmem.data.__c.2776
                0x000001a8        0x2 main.o
 .progmem.data.__c.2774
                0x000001aa        0xd main.o
 .progmem.data.__c.2772
                0x000001b7        0x3 main.o
 .progmem.data.__c.2770
                0x000001ba        0x2 main.o
 .progmem.data.__c.2768
                0x000001bc        0x2 main.o
 .progmem.data.__c.2766
                0x000001be       0x11 main.o
 .progmem.data.__c.2764
                0x000001cf        0xf main.o
 .progmem.data.__c.2762
                0x000001de       0x10 main.o
 .progmem.data.__c.2760
                0x000001ee       0x16 main.o
 .progmem.data.__c.2758
                0x00000204        0x3 main.o
 .progmem.data.__c.2756
                0x00000207        0x3 main.o
 .progmem.data.__c.2754
                0x0000020a        0x2 main.o
 .progmem.data.__c.2752
                0x0000020c        0x2 main.o
 .progmem.data.__c.2750
                0x0000020e        0x2 main.o
 .progmem.data.__c.2748
                0x00000210        0x7 main.o
 .progmem.data.__c.2746
                0x00000217        0x2 main.o
 .progmem.data.__c.2744
                0x00000219        0x2 main.o
 .progmem.data.__c.2742
                0x0000021b        0x2 main.o
 .progmem.data.__c.2740
                0x0000021d        0x2 main.o
 .progmem.data.__c.2738
                0x0000021f        0x2 main.o
 .progmem.data.__c.2736
                0x00000221        0x7 main.o
 .progmem.data.special_char
                0x00000228       0x18 OLED/font.o
                0x00000228                special_char
 .progmem.data.ssd1306oled_font
                0x00000240      0x27c OLED/font.o
                0x00000240                ssd1306oled_font
 .progmem.data.init_sequence
                0x000004bc       0x1b OLED/lcd.o
                0x000004bc                init_sequence
                0x000004d8                . = ALIGN (0x2)
 *fill*         0x000004d7        0x1 
 *(.jumptables)
 *(.jumptables*)
 *(.lowtext)
 *(.lowtext*)
                0x000004d8                __ctors_start = .
 *(.ctors)
                0x000004d8                __ctors_end = .
                0x000004d8                __dtors_start = .
 *(.dtors)
                0x000004d8                __dtors_end = .
 SORT(*)(.ctors)
 SORT(*)(.dtors)
 *(.init0)
 .init0         0x000004d8        0x0 C:/Program Files (x86)/Atmel/Studio/7.0/Packs/atmel/ATmega_DFP/1.7.374/gcc/dev/atmega32a/avr5/crtatmega32a.o
                0x000004d8                __init
 *(.init0)
 *(.init1)
 *(.init1)
 *(.init2)
 .init2         0x000004d8        0xc C:/Program Files (x86)/Atmel/Studio/7.0/Packs/atmel/ATmega_DFP/1.7.374/gcc/dev/atmega32a/avr5/crtatmega32a.o
 *(.init2)
 *(.init3)
 *(.init3)
 *(.init4)
 .init4         0x000004e4       0x16 c:/program files (x86)/atmel/studio/7.0/toolchain/avr8/avr8-gnu-toolchain/bin/../lib/gcc/avr/5.4.0/avr5\libgcc.a(_copy_data.o)
                0x000004e4                __do_copy_data
 .init4         0x000004fa       0x10 c:/program files (x86)/atmel/studio/7.0/toolchain/avr8/avr8-gnu-toolchain/bin/../lib/gcc/avr/5.4.0/avr5\libgcc.a(_clear_bss.o)
                0x000004fa                __do_clear_bss
 *(.init4)
 *(.init5)
 *(.init5)
 *(.init6)
 *(.init6)
 *(.init7)
 *(.init7)
 *(.init8)
 *(.init8)
 *(.init9)
 .init9         0x0000050a        0x8 C:/Program Files (x86)/Atmel/Studio/7.0/Packs/atmel/ATmega_DFP/1.7.374/gcc/dev/atmega32a/avr5/crtatmega32a.o
 *(.init9)
 *(.text)
 .text          0x00000512        0x4 C:/Program Files (x86)/Atmel/Studio/7.0/Packs/atmel/ATmega_DFP/1.7.374/gcc/dev/atmega32a/avr5/crtatmega32a.o
                0x00000512                __vector_12
                0x00000512                __bad_interrupt
                0x00000512                __vector_3
                0x00000512                __vector_11
                0x00000512                __vector_17
                0x00000512                __vector_19
                0x00000512                __vector_7
                0x00000512                __vector_5
                0x00000512                __vector_9
                0x00000512                __vector_2
                0x00000512                __vector_15
                0x00000512                __vector_8
                0x00000512                __vector_16
                0x00000512                __vector_18
                0x00000512                __vector_20
                0x00000516                . = ALIGN (0x2)
 *(.text.*)
 .text.crc8     0x00000516       0x32 1Wire/crc8.o
                0x00000516                crc8
 .text.DS18X20_meas_to_cel
                0x00000548       0xc4 1Wire/ds18x20.o
                0x00000548                DS18X20_meas_to_cel
 .text.DS18X20_find_sensor
                0x0000060c       0x32 1Wire/ds18x20.o
                0x0000060c                DS18X20_find_sensor
 .text.search_sensors
                0x0000063e       0x86 1Wire/ds18x20.o
                0x0000063e                search_sensors
 .text.DS18X20_start_meas
                0x000006c4       0x42 1Wire/ds18x20.o
                0x000006c4                DS18X20_start_meas
 .text.DS18X20_read_meas
                0x00000706       0xc2 1Wire/ds18x20.o
                0x00000706                DS18X20_read_meas
 .text.ow_input_pin_state
                0x000007c8        0x6 1Wire/onewire.o
                0x000007c8                ow_input_pin_state
 .text.ow_parasite_enable
                0x000007ce        0x6 1Wire/onewire.o
                0x000007ce                ow_parasite_enable
 .text.ow_reset
                0x000007d4       0x34 1Wire/onewire.o
                0x000007d4                ow_reset
 .text.ow_bit_io
                0x00000808       0x2c 1Wire/onewire.o
                0x00000808                ow_bit_io
 .text.ow_byte_wr
                0x00000834       0x22 1Wire/onewire.o
                0x00000834                ow_byte_wr
 .text.ow_byte_rd
                0x00000856        0x6 1Wire/onewire.o
                0x00000856                ow_byte_rd
 .text.ow_rom_search
                0x0000085c       0x9a 1Wire/onewire.o
                0x0000085c                ow_rom_search
 .text.ow_command
                0x000008f6       0x48 1Wire/onewire.o
                0x000008f6                ow_command
 .text.d_led_init
                0x0000093e       0x2a 7_LED/7_led.o
                0x0000093e                d_led_init
 .text.__vector_10
                0x00000968       0x90 7_LED/7_led.o
                0x00000968                __vector_10
 .text.i2cSetBitrate
                0x000009f8       0x28 I2C_TWI/i2c_twi.o
                0x000009f8                i2cSetBitrate
 .text.TWI_start
                0x00000a20        0xc I2C_TWI/i2c_twi.o
                0x00000a20                TWI_start
 .text.TWI_stop
                0x00000a2c        0xc I2C_TWI/i2c_twi.o
                0x00000a2c                TWI_stop
 .text.TWI_write
                0x00000a38        0xe I2C_TWI/i2c_twi.o
                0x00000a38                TWI_write
 .text.TWI_read
                0x00000a46       0x16 I2C_TWI/i2c_twi.o
                0x00000a46                TWI_read
 .text.TWI_write_buf
                0x00000a5c       0x48 I2C_TWI/i2c_twi.o
                0x00000a5c                TWI_write_buf
 .text.TWI_read_buf
                0x00000aa4       0x5e I2C_TWI/i2c_twi.o
                0x00000aa4                TWI_read_buf
 .text.ir_init  0x00000b02       0x20 IR_DECODE/ir_decode.o
                0x00000b02                ir_init
 .text.__vector_6
                0x00000b22      0x16a IR_DECODE/ir_decode.o
                0x00000b22                __vector_6
 .text.key2_press
                0x00000c8c        0xe main.o
                0x00000c8c                key2_press
 .text.key2_repeat
                0x00000c9a        0xc main.o
                0x00000c9a                key2_repeat
 .text.key3_press
                0x00000ca6        0xe main.o
                0x00000ca6                key3_press
 .text.key3_repeat
                0x00000cb4        0xe main.o
                0x00000cb4                key3_repeat
 .text.key4_press
                0x00000cc2       0x1e main.o
                0x00000cc2                key4_press
 .text.key4_repeat
                0x00000ce0       0x1c main.o
                0x00000ce0                key4_repeat
 .text.key1_press
                0x00000cfc        0xe main.o
                0x00000cfc                key1_press
 .text.key1_repeat
                0x00000d0a        0xe main.o
                0x00000d0a                key1_repeat
 .text.key5_press
                0x00000d18       0x2c main.o
                0x00000d18                key5_press
 .text.key5_repeat
                0x00000d44       0x2c main.o
                0x00000d44                key5_repeat
 .text.__vector_1
                0x00000d70       0x1e main.o
                0x00000d70                __vector_1
 .text.__vector_4
                0x00000d8e       0x74 main.o
                0x00000d8e                __vector_4
 .text.SuperDebounce
                0x00000e02       0xf4 main.o
                0x00000e02                SuperDebounce
 .text.oled_display_temp_DS18B20
                0x00000ef6       0x92 main.o
                0x00000ef6                oled_display_temp_DS18B20
 .text.oled_day_of_the_week
                0x00000f88       0x42 main.o
                0x00000f88                oled_day_of_the_week
 .text.usart_day_of_the_week
                0x00000fca       0x42 main.o
                0x00000fca                usart_day_of_the_week
 .text.usart_control
                0x0000100c      0x1f8 main.o
                0x0000100c                usart_control
 .text.ir_control
                0x00001204      0x1e2 main.o
                0x00001204                ir_control
 .text.usart_data_logging
                0x000013e6      0x1fa main.o
                0x000013e6                usart_data_logging
 .text.bcd2dec  0x000015e0       0x12 main.o
                0x000015e0                bcd2dec
 .text.startup.main
                0x000015f2      0x590 main.o
                0x000015f2                main
 .text.USART_Init
                0x00001b82       0x14 MKUART/mkuart.o
                0x00001b82                USART_Init
 .text.uart_putc
                0x00001b96       0x22 MKUART/mkuart.o
                0x00001b96                uart_putc
 .text.uart_puts
                0x00001bb8       0x18 MKUART/mkuart.o
                0x00001bb8                uart_puts
 .text.uart_putint
                0x00001bd0       0x3a MKUART/mkuart.o
                0x00001bd0                uart_putint
 .text.__vector_14
                0x00001c0a       0x4e MKUART/mkuart.o
                0x00001c0a                __vector_14
 .text.uart_getc
                0x00001c58       0x2a MKUART/mkuart.o
                0x00001c58                uart_getc
 .text.__vector_13
                0x00001c82       0x42 MKUART/mkuart.o
                0x00001c82                __vector_13
 .text.bmpe280_read_byte
                0x00001cc4       0x30 MK_PRESSURE_HUMIDITY_LIB/mk_bmp280.o
 .text.bmpe280_read_word
                0x00001cf4       0x42 MK_PRESSURE_HUMIDITY_LIB/mk_bmp280.o
 .text.bmpe280_read_uint16
                0x00001d36        0xc MK_PRESSURE_HUMIDITY_LIB/mk_bmp280.o
 .text.bmpe280_read_3bytes
                0x00001d42       0x64 MK_PRESSURE_HUMIDITY_LIB/mk_bmp280.o
 .text.bmpe280_init
                0x00001da6      0x1f4 MK_PRESSURE_HUMIDITY_LIB/mk_bmp280.o
                0x00001da6                bmpe280_init
 .text.bmpe280_read_temp
                0x00001f9a      0x158 MK_PRESSURE_HUMIDITY_LIB/mk_bmp280.o
                0x00001f9a                bmpe280_read_temp
 .text.bmpe280_read_pressure
                0x000020f2      0x4bc MK_PRESSURE_HUMIDITY_LIB/mk_bmp280.o
                0x000020f2                bmpe280_read_pressure
 .text.bmpe280_read_humidity
                0x000025ae      0x258 MK_PRESSURE_HUMIDITY_LIB/mk_bmp280.o
                0x000025ae                bmpe280_read_humidity
 .text.i2c__start
                0x00002806       0x4c MK_PRESSURE_HUMIDITY_LIB/mk_i2c.o
                0x00002806                i2c__start
 .text.i2c__stop
                0x00002852       0x4c MK_PRESSURE_HUMIDITY_LIB/mk_i2c.o
                0x00002852                i2c__stop
 .text.i2c_write
                0x0000289e       0x5e MK_PRESSURE_HUMIDITY_LIB/mk_i2c.o
                0x0000289e                i2c_write
 .text.i2c_read
                0x000028fc       0x5a MK_PRESSURE_HUMIDITY_LIB/mk_i2c.o
                0x000028fc                i2c_read
 .text.mk_press_hum_init
                0x00002956        0x4 MK_PRESSURE_HUMIDITY_LIB/mk_pressure.o
                0x00002956                mk_press_hum_init
 .text.mkp_read_temp
                0x0000295a       0x12 MK_PRESSURE_HUMIDITY_LIB/mk_pressure.o
                0x0000295a                mkp_read_temp
 .text.mkp_read_pressure
                0x0000296c       0x16 MK_PRESSURE_HUMIDITY_LIB/mk_pressure.o
                0x0000296c                mkp_read_pressure
 .text.mkp_read_humidity
                0x00002982       0x12 MK_PRESSURE_HUMIDITY_LIB/mk_pressure.o
                0x00002982                mkp_read_humidity
 .text.i2c_init
                0x00002994        0xc OLED/i2c.o
                0x00002994                i2c_init
 .text.i2c_start
                0x000029a0       0x3e OLED/i2c.o
                0x000029a0                i2c_start
 .text.i2c_stop
                0x000029de        0x6 OLED/i2c.o
                0x000029de                i2c_stop
 .text.i2c_byte
                0x000029e4       0x22 OLED/i2c.o
                0x000029e4                i2c_byte
 .text.lcd_command
                0x00002a06       0x44 OLED/lcd.o
                0x00002a06                lcd_command
 .text.lcd_goto_xpix_y.part.0
                0x00002a4a       0x5a OLED/lcd.o
 .text.lcd_data
                0x00002aa4       0x40 OLED/lcd.o
                0x00002aa4                lcd_data
 .text.lcd_goto_xpix_y
                0x00002ae4        0xe OLED/lcd.o
                0x00002ae4                lcd_goto_xpix_y
 .text.lcd_gotoxy
                0x00002af2        0xc OLED/lcd.o
                0x00002af2                lcd_gotoxy
 .text.lcd_home
                0x00002afe        0x8 OLED/lcd.o
                0x00002afe                lcd_home
 .text.lcd_clrscr
                0x00002b06       0x42 OLED/lcd.o
                0x00002b06                lcd_clrscr
 .text.lcd_oled_init
                0x00002b48       0x58 OLED/lcd.o
                0x00002b48                lcd_oled_init
 .text.lcd_sleep
                0x00002ba0       0x28 OLED/lcd.o
                0x00002ba0                lcd_sleep
 .text.lcd_set_contrast
                0x00002bc8       0x24 OLED/lcd.o
                0x00002bc8                lcd_set_contrast
 .text.lcd_putc
                0x00002bec      0x2fa OLED/lcd.o
                0x00002bec                lcd_putc
 .text.lcd_charMode
                0x00002ee6        0x6 OLED/lcd.o
                0x00002ee6                lcd_charMode
 .text.lcd_puts
                0x00002eec       0x18 OLED/lcd.o
                0x00002eec                lcd_puts
 .text.lcd_puts_p
                0x00002f04       0x1e OLED/lcd.o
                0x00002f04                lcd_puts_p
 .text.oled_int
                0x00002f22       0x54 OLED/lcd.o
                0x00002f22                oled_int
 .text.oled_long_int
                0x00002f76       0x5c OLED/lcd.o
                0x00002f76                oled_long_int
 .text.lcd_display
                0x00002fd2       0x30 OLED/lcd.o
                0x00002fd2                lcd_display
 .text.libgcc.mul
                0x00003002       0x20 c:/program files (x86)/atmel/studio/7.0/toolchain/avr8/avr8-gnu-toolchain/bin/../lib/gcc/avr/5.4.0/avr5\libgcc.a(_mulsi3.o)
                0x00003002                __mulsi3
 .text.libgcc.div
                0x00003022       0x44 c:/program files (x86)/atmel/studio/7.0/toolchain/avr8/avr8-gnu-toolchain/bin/../lib/gcc/avr/5.4.0/avr5\libgcc.a(_udivmodsi4.o)
                0x00003022                __udivmodsi4
 .text.libgcc.div
                0x00003066       0x2e c:/program files (x86)/atmel/studio/7.0/toolchain/avr8/avr8-gnu-toolchain/bin/../lib/gcc/avr/5.4.0/avr5\libgcc.a(_divmodsi4.o)
                0x00003066                __divmodsi4
 .text.libgcc.div
                0x00003094       0x10 c:/program files (x86)/atmel/studio/7.0/toolchain/avr8/avr8-gnu-toolchain/bin/../lib/gcc/avr/5.4.0/avr5\libgcc.a(_negsi2.o)
                0x00003094                __negsi2
 .text.libgcc   0x000030a4        0xc c:/program files (x86)/atmel/studio/7.0/toolchain/avr8/avr8-gnu-toolchain/bin/../lib/gcc/avr/5.4.0/avr5\libgcc.a(_tablejump2.o)
                0x000030a4                __tablejump2__
 .text.libgcc.mul
                0x000030b0       0x16 c:/program files (x86)/atmel/studio/7.0/toolchain/avr8/avr8-gnu-toolchain/bin/../lib/gcc/avr/5.4.0/avr5\libgcc.a(_muluhisi3.o)
                0x000030b0                __muluhisi3
 .text.libgcc.mul
                0x000030c6       0x10 c:/program files (x86)/atmel/studio/7.0/toolchain/avr8/avr8-gnu-toolchain/bin/../lib/gcc/avr/5.4.0/avr5\libgcc.a(_mulshisi3.o)
                0x000030c6                __mulshisi3
                0x000030cc                __mulohisi3
 .text.libgcc.mul
                0x000030d6       0xa0 c:/program files (x86)/atmel/studio/7.0/toolchain/avr8/avr8-gnu-toolchain/bin/../lib/gcc/avr/5.4.0/avr5\libgcc.a(_muldi3.o)
                0x000030d6                __muldi3
 .text.libgcc.mul
                0x00003176       0x12 c:/program files (x86)/atmel/studio/7.0/toolchain/avr8/avr8-gnu-toolchain/bin/../lib/gcc/avr/5.4.0/avr5\libgcc.a(_muldi3_6.o)
                0x00003176                __muldi3_6
 .text.libgcc.div
                0x00003188       0x62 c:/program files (x86)/atmel/studio/7.0/toolchain/avr8/avr8-gnu-toolchain/bin/../lib/gcc/avr/5.4.0/avr5\libgcc.a(_divdi3.o)
                0x00003188                __moddi3
                0x0000318c                __divdi3
                0x0000318e                __divdi3_moddi3
 .text.libgcc.div
                0x000031ea       0x1c c:/program files (x86)/atmel/studio/7.0/toolchain/avr8/avr8-gnu-toolchain/bin/../lib/gcc/avr/5.4.0/avr5\libgcc.a(_udivdi3.o)
                0x000031ea                __umoddi3
                0x000031ee                __udivdi3
                0x000031f0                __udivdi3_umoddi3
 .text.libgcc.div
                0x00003206       0xa2 c:/program files (x86)/atmel/studio/7.0/toolchain/avr8/avr8-gnu-toolchain/bin/../lib/gcc/avr/5.4.0/avr5\libgcc.a(_udivmod64.o)
                0x00003206                __udivmod64
 .text.libgcc   0x000032a8       0x20 c:/program files (x86)/atmel/studio/7.0/toolchain/avr8/avr8-gnu-toolchain/bin/../lib/gcc/avr/5.4.0/avr5\libgcc.a(_negdi2.o)
                0x000032a8                __negdi2
 .text.libgcc.prologue
                0x000032c8       0x38 c:/program files (x86)/atmel/studio/7.0/toolchain/avr8/avr8-gnu-toolchain/bin/../lib/gcc/avr/5.4.0/avr5\libgcc.a(_prologue.o)
                0x000032c8                __prologue_saves__
 .text.libgcc.prologue
                0x00003300       0x36 c:/program files (x86)/atmel/studio/7.0/toolchain/avr8/avr8-gnu-toolchain/bin/../lib/gcc/avr/5.4.0/avr5\libgcc.a(_epilogue.o)
                0x00003300                __epilogue_restores__
 .text.libgcc.builtins
                0x00003336       0x32 c:/program files (x86)/atmel/studio/7.0/toolchain/avr8/avr8-gnu-toolchain/bin/../lib/gcc/avr/5.4.0/avr5\libgcc.a(_ashldi3.o)
                0x00003336                __ashldi3
 .text.libgcc.builtins
                0x00003368       0x3c c:/program files (x86)/atmel/studio/7.0/toolchain/avr8/avr8-gnu-toolchain/bin/../lib/gcc/avr/5.4.0/avr5\libgcc.a(_ashrdi3.o)
                0x00003368                __ashrdi3
                0x0000336c                __lshrdi3
 .text.libgcc   0x000033a4       0x12 c:/program files (x86)/atmel/studio/7.0/toolchain/avr8/avr8-gnu-toolchain/bin/../lib/gcc/avr/5.4.0/avr5\libgcc.a(_adddi3.o)
                0x000033a4                __adddi3
 .text.libgcc   0x000033b6       0x12 c:/program files (x86)/atmel/studio/7.0/toolchain/avr8/avr8-gnu-toolchain/bin/../lib/gcc/avr/5.4.0/avr5\libgcc.a(_subdi3.o)
                0x000033b6                __subdi3
 .text.libgcc   0x000033c8       0x18 c:/program files (x86)/atmel/studio/7.0/toolchain/avr8/avr8-gnu-toolchain/bin/../lib/gcc/avr/5.4.0/avr5\libgcc.a(_cmpdi2_s8.o)
                0x000033c8                __cmpdi2_s8
 .text.libgcc.mul
                0x000033e0       0x1e c:/program files (x86)/atmel/studio/7.0/toolchain/avr8/avr8-gnu-toolchain/bin/../lib/gcc/avr/5.4.0/avr5\libgcc.a(_umulhisi3.o)
                0x000033e0                __umulhisi3
 .text.avr-libc
                0x000033fe       0x16 c:/program files (x86)/atmel/studio/7.0/toolchain/avr8/avr8-gnu-toolchain/bin/../lib/gcc/avr/5.4.0/../../../../avr/lib/avr5\libc.a(itoa.o)
                0x000033fe                __itoa
                0x000033fe                itoa
 .text.avr-libc
                0x00003414       0x16 c:/program files (x86)/atmel/studio/7.0/toolchain/avr8/avr8-gnu-toolchain/bin/../lib/gcc/avr/5.4.0/../../../../avr/lib/avr5\libc.a(itoa_ncheck.o)
                0x00003414                __itoa_ncheck
 .text.avr-libc
                0x0000342a       0x34 c:/program files (x86)/atmel/studio/7.0/toolchain/avr8/avr8-gnu-toolchain/bin/../lib/gcc/avr/5.4.0/../../../../avr/lib/avr5\libc.a(utoa_ncheck.o)
                0x0000342a                __utoa_ncheck
                0x0000342c                __utoa_common
 .text.avr-libc
                0x0000345e       0x44 c:/program files (x86)/atmel/studio/7.0/toolchain/avr8/avr8-gnu-toolchain/bin/../lib/gcc/avr/5.4.0/../../../../avr/lib/avr5\libc.a(sprintf.o)
                0x0000345e                sprintf
 .text.avr-libc
                0x000034a2      0x3c2 c:/program files (x86)/atmel/studio/7.0/toolchain/avr8/avr8-gnu-toolchain/bin/../lib/gcc/avr/5.4.0/../../../../avr/lib/avr5\libc.a(vfprintf_std.o)
                0x000034a2                vfprintf
 .text.avr-libc
                0x00003864       0x16 c:/program files (x86)/atmel/studio/7.0/toolchain/avr8/avr8-gnu-toolchain/bin/../lib/gcc/avr/5.4.0/../../../../avr/lib/avr5\libc.a(strnlen_P.o)
                0x00003864                strnlen_P
 .text.avr-libc
                0x0000387a       0x16 c:/program files (x86)/atmel/studio/7.0/toolchain/avr8/avr8-gnu-toolchain/bin/../lib/gcc/avr/5.4.0/../../../../avr/lib/avr5\libc.a(strnlen.o)
                0x0000387a                strnlen
 .text.avr-libc
                0x00003890       0x20 c:/program files (x86)/atmel/studio/7.0/toolchain/avr8/avr8-gnu-toolchain/bin/../lib/gcc/avr/5.4.0/../../../../avr/lib/avr5\libc.a(strrev.o)
                0x00003890                strrev
 .text.avr-libc
                0x000038b0       0x78 c:/program files (x86)/atmel/studio/7.0/toolchain/avr8/avr8-gnu-toolchain/bin/../lib/gcc/avr/5.4.0/../../../../avr/lib/avr5\libc.a(fputc.o)
                0x000038b0                fputc
 .text.avr-libc
                0x00003928       0xbc c:/program files (x86)/atmel/studio/7.0/toolchain/avr8/avr8-gnu-toolchain/bin/../lib/gcc/avr/5.4.0/../../../../avr/lib/avr5\libc.a(ultoa_invert.o)
                0x00003928                __ultoa_invert
                0x000039e4                . = ALIGN (0x2)
 *(.fini9)
 .fini9         0x000039e4        0x0 c:/program files (x86)/atmel/studio/7.0/toolchain/avr8/avr8-gnu-toolchain/bin/../lib/gcc/avr/5.4.0/avr5\libgcc.a(_exit.o)
                0x000039e4                _exit
                0x000039e4                exit
 *(.fini9)
 *(.fini8)
 *(.fini8)
 *(.fini7)
 *(.fini7)
 *(.fini6)
 *(.fini6)
 *(.fini5)
 *(.fini5)
 *(.fini4)
 *(.fini4)
 *(.fini3)
 *(.fini3)
 *(.fini2)
 *(.fini2)
 *(.fini1)
 *(.fini1)
 *(.fini0)
 .fini0         0x000039e4        0x4 c:/program files (x86)/atmel/studio/7.0/toolchain/avr8/avr8-gnu-toolchain/bin/../lib/gcc/avr/5.4.0/avr5\libgcc.a(_exit.o)
 *(.fini0)
                0x000039e8                _etext = .

.data           0x00800060      0x2f8 load address 0x000039e8
                0x00800060                PROVIDE (__data_start, .)
 *(.data)
 *(.data*)
 .data.int0_flag
                0x00800060        0x1 main.o
 .data.usart_help
                0x00800061        0x1 main.o
 .data.led_display
                0x00800062        0x1 main.o
 .data.i2c_tmo  0x00800063        0x2 MK_PRESSURE_HUMIDITY_LIB/mk_i2c.o
                0x00800063                i2c_tmo
 .data.charMode
                0x00800065        0x1 OLED/lcd.o
 *(.gnu.linkonce.d*)
 *(.rodata)
 .rodata        0x00800066       0x10 1Wire/ds18x20.o
 *(.rodata*)
 .rodata.an.1778
                0x00800076        0x4 7_LED/7_led.o
 .rodata.str1.1
                0x0080007a      0x2d6 main.o
                                0x3e9 (size before relaxing)
 .rodata.str1.1
                0x00800350        0x7 OLED/lcd.o
 *(.gnu.linkonce.r*)
                0x00800358                . = ALIGN (0x2)
 *fill*         0x00800357        0x1 
                0x00800358                _edata = .
                0x00800358                PROVIDE (__data_end, .)

.bss            0x00800358      0x4ae
                0x00800358                PROVIDE (__bss_start, .)
 *(.bss)
 *(.bss*)
 .bss.idx.1779  0x00800358        0x1 7_LED/7_led.o
 .bss.IrPulseCount.1619
                0x00800359        0x1 IR_DECODE/ir_decode.o
 .bss.IrData.1620
                0x0080035a        0x2 IR_DECODE/ir_decode.o
 .bss.frame_status.1621
                0x0080035c        0x1 IR_DECODE/ir_decode.o
 .bss.LastCapture.1617
                0x0080035d        0x2 IR_DECODE/ir_decode.o
 .bss.t_fract_flag
                0x0080035f        0x1 main.o
 .bss.cycle     0x00800360        0x1 main.o
 .bss.ss_memory
                0x00800361        0x1 main.o
 .bss.RTC_modify
                0x00800362        0x1 main.o
                0x00800362                RTC_modify
 .bss.Timer4    0x00800363        0x2 main.o
 .bss.Timer3    0x00800365        0x2 main.o
 .bss.Timer2    0x00800367        0x2 main.o
 .bss.Timer1    0x00800369        0x2 main.o
 .bss.usart_logs_data
                0x0080036b        0x1 main.o
 .bss.usart_tx  0x0080036c        0x1 main.o
 .bss.led_blink
                0x0080036d        0x1 main.o
 .bss.bmpe_calib
                0x0080036e       0x21 MK_PRESSURE_HUMIDITY_LIB/mk_bmp280.o
 .bss.tmp_temperature
                0x0080038f        0x4 MK_PRESSURE_HUMIDITY_LIB/mk_bmp280.o
 .bss.i2c_damage_callback
                0x00800393        0x2 MK_PRESSURE_HUMIDITY_LIB/mk_i2c.o
 .bss.displayBuffer
                0x00800395      0x400 OLED/lcd.o
 .bss.cursorPosition
                0x00800795        0x2 OLED/lcd.o
 *(COMMON)
 COMMON         0x00800797       0x20 1Wire/ds18x20.o
                0x00800797                gSensorIDs
 COMMON         0x008007b7        0x4 7_LED/7_led.o
                0x008007b7                cy4
                0x008007b8                cy1
                0x008007b9                cy2
                0x008007ba                cy3
 COMMON         0x008007bb        0x5 IR_DECODE/ir_decode.o
                0x008007bb                toggle_bit
                0x008007bc                address
                0x008007bd                command
                0x008007be                rc5cnt
                0x008007bf                Ir_key_press_flag
 COMMON         0x008007c0       0x1e main.o
                0x008007c0                hp_fract
                0x008007c1                mm
                0x008007c2                key4
                0x008007c3                hm_int
                0x008007c4                hm_fract
                0x008007c5                t_int
                0x008007c6                key5
                0x008007c7                ss
                0x008007c8                t_fract
                0x008007c9                hp_int
                0x008007cb                key1
                0x008007cc                dd
                0x008007cd                buffer
                0x008007d4                cel_fract_bits
                0x008007d5                sensors_cnt
                0x008007d6                subzero
                0x008007d7                min
                0x008007d8                key3
                0x008007d9                yy
                0x008007da                cel
                0x008007db                day
                0x008007dc                hh
                0x008007dd                key2
 COMMON         0x008007de       0x26 MKUART/mkuart.o
                0x008007de                UART_TxHead
                0x008007df                UART_TxTail
                0x008007e0                UART_TxBuf
                0x008007e2                UART_RxHead
                0x008007e3                UART_RxTail
                0x008007e4                UART_RxBuf
 COMMON         0x00800804        0x1 MK_PRESSURE_HUMIDITY_LIB/mk_i2c.o
                0x00800804                i2c_error_flag
 COMMON         0x00800805        0x1 OLED/i2c.o
                0x00800805                I2C_ErrorCode
                0x00800806                PROVIDE (__bss_end, .)
                0x000039e8                __data_load_start = LOADADDR (.data)
                0x00003ce0                __data_load_end = (__data_load_start + SIZEOF (.data))

.noinit         0x00800806        0x0
                [!provide]                PROVIDE (__noinit_start, .)
 *(.noinit*)
                [!provide]                PROVIDE (__noinit_end, .)
                0x00800806                _end = .
                [!provide]                PROVIDE (__heap_start, .)

.eeprom         0x00810000        0x0
 *(.eeprom*)
                0x00810000                __eeprom_end = .

.fuse
 *(.fuse)
 *(.lfuse)
 *(.hfuse)
 *(.efuse)

.lock
 *(.lock*)

.signature
 *(.signature*)

.user_signatures
 *(.user_signatures*)

.stab
 *(.stab)

.stabstr
 *(.stabstr)

.stab.excl
 *(.stab.excl)

.stab.exclstr
 *(.stab.exclstr)

.stab.index
 *(.stab.index)

.stab.indexstr
 *(.stab.indexstr)

.comment        0x00000000       0x8c
 *(.comment)
 .comment       0x00000000       0x30 1Wire/crc8.o
                                 0x31 (size before relaxing)
 .comment       0x00000030       0x30 1Wire/ds18x20.o
                                 0x31 (size before relaxing)
 .comment       0x00000060       0x31 1Wire/onewire.o
 .comment       0x00000060       0x31 7_LED/7_led.o
 .comment       0x00000060       0x31 I2C_TWI/i2c_twi.o
 .comment       0x00000060       0x31 IR_DECODE/ir_decode.o
 .comment       0x00000060       0x31 main.o
 .comment       0x00000060       0x31 MKUART/mkuart.o
 .comment       0x00000060       0x31 MK_PRESSURE_HUMIDITY_LIB/mk_bmp280.o
 .comment       0x00000060       0x31 MK_PRESSURE_HUMIDITY_LIB/mk_i2c.o
 .comment       0x00000060       0x31 MK_PRESSURE_HUMIDITY_LIB/mk_pressure.o
 .comment       0x00000060       0x31 OLED/font.o
 .comment       0x00000060       0x31 OLED/i2c.o
 .comment       0x00000060       0x31 OLED/lcd.o
 .comment       0x00000060       0x31 c:/program files (x86)/atmel/studio/7.0/toolchain/avr8/avr8-gnu-toolchain/bin/../lib/gcc/avr/5.4.0/../../../../avr/lib/avr5\libc.a(sprintf.o)
 .comment       0x00000060       0x2c c:/program files (x86)/atmel/studio/7.0/toolchain/avr8/avr8-gnu-toolchain/bin/../lib/gcc/avr/5.4.0/../../../../avr/lib/avr5\libc.a(vfprintf_std.o)
                                 0x2d (size before relaxing)
 .comment       0x0000008c       0x31 c:/program files (x86)/atmel/studio/7.0/toolchain/avr8/avr8-gnu-toolchain/bin/../lib/gcc/avr/5.4.0/../../../../avr/lib/avr5\libc.a(fputc.o)

.note.gnu.avr.deviceinfo
                0x00000000       0x3c
 .note.gnu.avr.deviceinfo
                0x00000000       0x3c C:/Program Files (x86)/Atmel/Studio/7.0/Packs/atmel/ATmega_DFP/1.7.374/gcc/dev/atmega32a/avr5/crtatmega32a.o

.note.gnu.build-id
 *(.note.gnu.build-id)

.debug
 *(.debug)

.line
 *(.line)

.debug_srcinfo
 *(.debug_srcinfo)

.debug_sfnames
 *(.debug_sfnames)

.debug_aranges
 *(.debug_aranges)

.debug_pubnames
 *(.debug_pubnames)

.debug_info     0x00000000      0x4e6
 *(.debug_info .gnu.linkonce.wi.*)
 .debug_info    0x00000000      0x4e6 C:/Program Files (x86)/Atmel/Studio/7.0/Packs/atmel/ATmega_DFP/1.7.374/gcc/dev/atmega32a/avr5/crtatmega32a.o

.debug_abbrev   0x00000000      0x4a3
 *(.debug_abbrev)
 .debug_abbrev  0x00000000      0x4a3 C:/Program Files (x86)/Atmel/Studio/7.0/Packs/atmel/ATmega_DFP/1.7.374/gcc/dev/atmega32a/avr5/crtatmega32a.o

.debug_line     0x00000000      0x116
 *(.debug_line .debug_line.* .debug_line_end)
 .debug_line    0x00000000      0x116 C:/Program Files (x86)/Atmel/Studio/7.0/Packs/atmel/ATmega_DFP/1.7.374/gcc/dev/atmega32a/avr5/crtatmega32a.o

.debug_frame
 *(.debug_frame)

.debug_str      0x00000000      0x196
 *(.debug_str)
 .debug_str     0x00000000      0x196 C:/Program Files (x86)/Atmel/Studio/7.0/Packs/atmel/ATmega_DFP/1.7.374/gcc/dev/atmega32a/avr5/crtatmega32a.o

.debug_loc
 *(.debug_loc)

.debug_macinfo
 *(.debug_macinfo)

.debug_weaknames
 *(.debug_weaknames)

.debug_funcnames
 *(.debug_funcnames)

.debug_typenames
 *(.debug_typenames)

.debug_varnames
 *(.debug_varnames)

.debug_pubtypes
 *(.debug_pubtypes)

.debug_ranges
 *(.debug_ranges)

.debug_macro
 *(.debug_macro)
OUTPUT(Praca_dyplomowa.elf elf32-avr)
LOAD linker stubs
